[dotenv@17.2.3] injecting env (21) from .env -- tip: Γ£à audit secrets and track compliance: https://dotenvx.com/ops
[dotenv@17.2.3] injecting env (15) from .env.local -- tip: ΓÜÖ∩╕Å  load multiple .env files with { path: ['.env.local', '.env'] }

[34mΓòöΓòÉΓòÉΓòÉΓòÉΓòÉΓòÉΓòÉΓòÉΓòÉΓòÉΓòÉΓòÉΓòÉΓòÉΓòÉΓòÉΓòÉΓòÉΓòÉΓòÉΓòÉΓòÉΓòÉΓòÉΓòÉΓòÉΓòÉΓòÉΓòÉΓòÉΓòÉΓòÉΓòÉΓòÉΓòÉΓòÉΓòÉΓòÉΓòÉΓòÉΓòÉΓòÉΓòÉΓòÉΓòù[0m
[34mΓòæ  TESTES DE BLINDAGEM ΓÇö KERCASA             Γòæ[0m
[34mΓòÜΓòÉΓòÉΓòÉΓòÉΓòÉΓòÉΓòÉΓòÉΓòÉΓòÉΓòÉΓòÉΓòÉΓòÉΓòÉΓòÉΓòÉΓòÉΓòÉΓòÉΓòÉΓòÉΓòÉΓòÉΓòÉΓòÉΓòÉΓòÉΓòÉΓòÉΓòÉΓòÉΓòÉΓòÉΓòÉΓòÉΓòÉΓòÉΓòÉΓòÉΓòÉΓòÉΓòÉΓòÉΓò¥[0m

[90mDados: Agencia "Imob 3" | Owner: 4417578d-dd63-4749-b506-529cd8bde914[0m

[33m[TESTE 1][0m Im├│vel com identity=agency persiste imobiliaria_id... [32mPASSOU Γ£ö[0m
  imobiliaria_id gravado: de4eece9-007a-4985-a88e-334287beb310
  Metricas (total_properties): N/A
[33m[TESTE 2][0m Chat: persist├¬ncia de sender_agency_id... [31mFALHOU[0m
node :   Erro: Could not 
find the 'sender_agency_id' 
column of 'messages' in the 
schema cache
At line:1 char:1
+ node src/tests/shield-featu
res.test.js > 
test-output.txt 2>&1; Get-Co 
...
+ ~~~~~~~~~~~~~~~~~~~~~~~~~~~
~~~~~~~~~~~~~~~~~~~~~~~~~~~~~
~~~~~
    + CategoryInfo           
   : NotSpecified: (  Erro:  
   Could n...he schema cac   
 he:String) [], RemoteExc    
eption
    + FullyQualifiedErrorId  
   : NativeCommandError
 
[33m[TESTE 3][0m Admin: aprova├º├úo de imovel pending ΓåÆ approved... [32mPASSOU Γ£ö[0m
  pending ΓåÆ approved (Action unificada EN)

[34mΓòöΓòÉΓòÉΓòÉΓòÉΓòÉΓòÉΓòÉΓòÉΓòÉΓòÉΓòÉΓòÉΓòÉΓòÉΓòÉΓòÉΓòÉΓòÉΓòÉΓòÉΓòÉΓòÉΓòÉΓòÉΓòÉΓòÉΓòÉΓòÉΓòÉΓòÉΓòÉΓòÉΓòÉΓòÉΓòÉΓòÉΓòÉΓòÉΓòÉΓòÉΓòÉΓòÉΓòÉΓòÉΓòù[0m
[31mΓòæ  RESULTADO: 2/3 TESTES PASSARAM              Γòæ[0m
[34mΓòÜΓòÉΓòÉΓòÉΓòÉΓòÉΓòÉΓòÉΓòÉΓòÉΓòÉΓòÉΓòÉΓòÉΓòÉΓòÉΓòÉΓòÉΓòÉΓòÉΓòÉΓòÉΓòÉΓòÉΓòÉΓòÉΓòÉΓòÉΓòÉΓòÉΓòÉΓòÉΓòÉΓòÉΓòÉΓòÉΓòÉΓòÉΓòÉΓòÉΓòÉΓòÉΓòÉΓòÉΓòÉΓò¥[0m

